[2026-01-09 14:35:17] [ERROR]: unhandledRejection: Cannot read properties of undefined (reading 'numberOfChannels')
TypeError: Cannot read properties of undefined (reading 'numberOfChannels')
    at init_audio_system (file:///home/superjaba/yandex-music-cli/src/audio_system.js:33:32)
    at load_file (file:///home/superjaba/yandex-music-cli/src/audio_system.js:64:9)
    at FileManager.<anonymous> (file:///home/superjaba/yandex-music-cli/src/ui/tab-files.js:20:9)
    at EventEmitter._emit (/home/superjaba/yandex-music-cli/node_modules/reblessed/dist/lib/events.js:81:24)
    at EventEmitter.emit (/home/superjaba/yandex-music-cli/node_modules/reblessed/dist/lib/events.js:96:14)
    at /home/superjaba/yandex-music-cli/node_modules/reblessed/dist/lib/widgets/filemanager.js:48:22
    at FSReqCallback.oncomplete (node:fs:191:5)
[2026-01-09 14:44:12] [ERROR]: unhandledRejection: screen is not defined
ReferenceError: screen is not defined
    at load_file (file:///home/superjaba/yandex-music-cli/src/audio_system.js:71:18)
[2026-01-09 15:04:46] [ERROR]: uncaughtException: content.replace is not a function
TypeError: content.replace is not a function
    at Element.parseContent (/home/superjaba/yandex-music-cli/node_modules/reblessed/dist/lib/widgets/element.js:317:14)
    at Element.setContent (/home/superjaba/yandex-music-cli/node_modules/reblessed/dist/lib/widgets/element.js:292:10)
    at Timeout._onTimeout (file:///home/superjaba/yandex-music-cli/src/ui/player-box.js:36:19)
    at listOnTimeout (node:internal/timers:605:17)
    at process.processTimers (node:internal/timers:541:7)
[2026-01-09 15:15:11] [ERROR]: unhandledRejection: update_track_info is not defined
ReferenceError: update_track_info is not defined
    at load_file (file:///home/superjaba/yandex-music-cli/src/audio_system.js:78:5)
