[2026-01-09 14:35:17] [ERROR]: unhandledRejection: Cannot read properties of undefined (reading 'numberOfChannels')
TypeError: Cannot read properties of undefined (reading 'numberOfChannels')
    at init_audio_system (file:///home/superjaba/yandex-music-cli/src/audio_system.js:33:32)
    at load_file (file:///home/superjaba/yandex-music-cli/src/audio_system.js:64:9)
    at FileManager.<anonymous> (file:///home/superjaba/yandex-music-cli/src/ui/tab-files.js:20:9)
    at EventEmitter._emit (/home/superjaba/yandex-music-cli/node_modules/reblessed/dist/lib/events.js:81:24)
    at EventEmitter.emit (/home/superjaba/yandex-music-cli/node_modules/reblessed/dist/lib/events.js:96:14)
    at /home/superjaba/yandex-music-cli/node_modules/reblessed/dist/lib/widgets/filemanager.js:48:22
    at FSReqCallback.oncomplete (node:fs:191:5)
[2026-01-09 14:44:12] [ERROR]: unhandledRejection: screen is not defined
ReferenceError: screen is not defined
    at load_file (file:///home/superjaba/yandex-music-cli/src/audio_system.js:71:18)
[2026-01-09 15:15:11] [ERROR]: unhandledRejection: update_track_info is not defined
ReferenceError: update_track_info is not defined
    at load_file (file:///home/superjaba/yandex-music-cli/src/audio_system.js:78:5)
[2026-01-09 18:43:50] [ERROR]: unhandledRejection: Decoder does not support the audio format: mp3
TypeError: Decoder does not support the audio format: mp3
    at decode$1 (Z:\yandex-music-cli\node_modules\@descript\web-audio-js\build\web-audio-js.js:8023:7)
    at StreamAudioContext.decodeAudioData (Z:\yandex-music-cli\node_modules\@descript\web-audio-js\build\web-audio-js.js:8123:21)
    at load_file (file:///Z:/yandex-music-cli/src/audio_system.js:73:40)
    at FileManager.<anonymous> (file:///Z:/yandex-music-cli/src/ui/tab-files.js:31:9)
    at EventEmitter._emit (Z:\yandex-music-cli\node_modules\reblessed\dist\lib\events.js:81:24)
    at EventEmitter.emit (Z:\yandex-music-cli\node_modules\reblessed\dist\lib\events.js:96:14)
    at Z:\yandex-music-cli\node_modules\reblessed\dist\lib\widgets\filemanager.js:48:22
    at FSReqCallback.oncomplete (node:fs:198:5)
[2026-01-09 18:43:50] [ERROR]: unhandledRejection: Decoder does not support the audio format: mp3
TypeError: Decoder does not support the audio format: mp3
    at decode$1 (Z:\yandex-music-cli\node_modules\@descript\web-audio-js\build\web-audio-js.js:8023:7)
    at StreamAudioContext.decodeAudioData (Z:\yandex-music-cli\node_modules\@descript\web-audio-js\build\web-audio-js.js:8123:21)
    at load_file (file:///Z:/yandex-music-cli/src/audio_system.js:73:40)
    at FileManager.<anonymous> (file:///Z:/yandex-music-cli/src/ui/tab-files.js:31:9)
    at EventEmitter._emit (Z:\yandex-music-cli\node_modules\reblessed\dist\lib\events.js:81:24)
    at EventEmitter.emit (Z:\yandex-music-cli\node_modules\reblessed\dist\lib\events.js:96:14)
    at Z:\yandex-music-cli\node_modules\reblessed\dist\lib\widgets\filemanager.js:48:22
    at FSReqCallback.oncomplete (node:fs:198:5)
[2026-01-09 18:44:02] [ERROR]: unhandledRejection: Decoder does not support the audio format: mp3
TypeError: Decoder does not support the audio format: mp3
    at decode$1 (Z:\yandex-music-cli\node_modules\@descript\web-audio-js\build\web-audio-js.js:8023:7)
    at StreamAudioContext.decodeAudioData (Z:\yandex-music-cli\node_modules\@descript\web-audio-js\build\web-audio-js.js:8123:21)
    at load_file (file:///Z:/yandex-music-cli/src/audio_system.js:73:40)
    at FileManager.<anonymous> (file:///Z:/yandex-music-cli/src/ui/tab-files.js:31:9)
    at EventEmitter._emit (Z:\yandex-music-cli\node_modules\reblessed\dist\lib\events.js:81:24)
    at EventEmitter.emit (Z:\yandex-music-cli\node_modules\reblessed\dist\lib\events.js:96:14)
    at Z:\yandex-music-cli\node_modules\reblessed\dist\lib\widgets\filemanager.js:48:22
    at FSReqCallback.oncomplete (node:fs:198:5)
[2026-01-09 20:20:24] [ERROR]: unhandledRejection: spawn Z:\yandex-music-cli\node_modules\ffmpeg-static\ffmpeg.exe ENOENT
Error: spawn Z:\yandex-music-cli\node_modules\ffmpeg-static\ffmpeg.exe ENOENT
    at ChildProcess._handle.onexit (node:internal/child_process:285:19)
    at onErrorNT (node:internal/child_process:483:16)
    at process.processTicksAndRejections (node:internal/process/task_queues:90:21)
[2026-01-09 20:22:50] [ERROR]: unhandledRejection: reject is not defined
ReferenceError: reject is not defined
    at play_decode (file:///Z:/yandex-music-cli/src/audio_system.js:81:22)
    at FileManager.<anonymous> (file:///Z:/yandex-music-cli/src/ui/tab-files.js:26:13)
    at EventEmitter._emit (Z:\yandex-music-cli\node_modules\reblessed\dist\lib\events.js:81:24)
    at EventEmitter.emit (Z:\yandex-music-cli\node_modules\reblessed\dist\lib\events.js:96:14)
    at Z:\yandex-music-cli\node_modules\reblessed\dist\lib\widgets\filemanager.js:48:22
    at FSReqCallback.oncomplete (node:fs:198:5)
[2026-01-09 20:24:00] [ERROR]: spawn Z:\yandex-music-cli\node_modules\ffmpeg-static\ffmpeg.exe ENOENT
[2026-01-09 20:24:04] [ERROR]: spawn Z:\yandex-music-cli\node_modules\ffmpeg-static\ffmpeg.exe ENOENT
[2026-01-09 20:25:37] [ERROR]: unhandledRejection: Cannot read properties of undefined (reading 'createBuffer')
TypeError: Cannot read properties of undefined (reading 'createBuffer')
    at PassThrough.<anonymous> (file:///home/superjaba/yandex-music-cli/src/audio_system.js:92:42)
    at PassThrough.emit (node:events:508:28)
    at endReadableNT (node:internal/streams/readable:1701:12)
    at process.processTicksAndRejections (node:internal/process/task_queues:89:21)
[2026-01-09 20:26:22] [ERROR]: unhandledRejection: source is not defined
ReferenceError: source is not defined
    at PassThrough.<anonymous> (file:///home/superjaba/yandex-music-cli/src/audio_system.js:97:20)
    at PassThrough.emit (node:events:508:28)
    at endReadableNT (node:internal/streams/readable:1701:12)
    at process.processTicksAndRejections (node:internal/process/task_queues:89:21)
[2026-01-09 20:34:49] [ERROR]: unhandledRejection: audioCtx is not defined
ReferenceError: audioCtx is not defined
    at PassThrough.<anonymous> (file:///home/superjaba/yandex-music-cli/src/audio_system.js:98:13)
    at PassThrough.emit (node:events:508:28)
    at endReadableNT (node:internal/streams/readable:1701:12)
    at process.processTicksAndRejections (node:internal/process/task_queues:89:21)
